// Jest Snapshot v1, https://goo.gl/fbAQLP

exports[`Main correctly renders after relaunch 1`] = `
<div
  className="page__main page__main--property"
>
  <section
    className="property"
  >
    <div
      className="property__gallery-container container"
    >
      <div
        className="property__gallery"
      >
        <div
          className="property__image-wrapper"
        >
          <img
            alt="Photo studio"
            className="property__image"
            src="img/apartment-01.jpg"
          />
        </div>
        <div
          className="property__image-wrapper"
        >
          <img
            alt="Photo studio"
            className="property__image"
            src="img/apartment-01.jpg"
          />
        </div>
        <div
          className="property__image-wrapper"
        >
          <img
            alt="Photo studio"
            className="property__image"
            src="img/apartment-02.jpg"
          />
        </div>
        <div
          className="property__image-wrapper"
        >
          <img
            alt="Photo studio"
            className="property__image"
            src="img/apartment-03.jpg"
          />
        </div>
      </div>
    </div>
    <div
      className="property__container container"
    >
      <div
        className="property__wrapper"
      >
        <div
          className="property__mark"
        >
          <span>
            Aparment
          </span>
        </div>
        <div
          className="property__name-wrapper"
        >
          <h1
            className="property__name"
          >
            Beautiful & luxurious apartment at great location
          </h1>
          <button
            className="property__bookmark-button button"
            type="button"
          >
            <svg
              className="property__bookmark-icon"
              height={33}
              width={31}
            >
              <use
                xlinkHref="#icon-bookmark"
              />
            </svg>
            <span
              className="visually-hidden"
            >
              To bookmarks
            </span>
          </button>
        </div>
        <div
          className="property__rating rating"
        >
          <div
            className="property__stars rating__stars"
          >
            <span
              style={
                Object {
                  "width": "96%",
                }
              }
            />
            <span
              className="visually-hidden"
            >
              Rating
            </span>
          </div>
          <span
            className="property__rating-value rating__value"
          >
            4.5
          </span>
        </div>
        <ul
          className="property__features"
        >
          <li
            className="property__feature property__feature--entire"
          >
            Entire place
          </li>
          <li
            className="property__feature property__feature--bedrooms"
          >
            3 Bedrooms
          </li>
          <li
            className="property__feature property__feature--adults"
          >
            Max 4 adults
          </li>
        </ul>
        <div
          className="property__price"
        >
          <b
            className="property__price-value"
          >
            €
            120
          </b>
          <span
            className="property__price-text"
          >
             night
          </span>
        </div>
        <div
          className="property__inside"
        >
          <h2
            className="property__inside-title"
          >
            Whats inside
          </h2>
          <ul
            className="property__inside-list"
          >
            <li
              className="property__inside-item"
            >
              Wifi
            </li>
            <li
              className="property__inside-item"
            >
              Heating
            </li>
            <li
              className="property__inside-item"
            >
              Kitcher
            </li>
            <li
              className="property__inside-item"
            >
              Cabel TV
            </li>
          </ul>
        </div>
        <div
          className="property__host"
        >
          <h2
            className="property__host-title"
          >
            Meet the host
          </h2>
          <div
            className="property__host-user user"
          >
            <div
              className="property__avatar-wrapper property__avatar-wrapper--pro user__avatar-wrapper"
            >
              <img
                alt="Host avatar"
                className="property__avatar user__avatar"
                height={74}
                width={74}
              />
            </div>
            <span
              className="property__user-name"
            >
              Angelina Servantes de Mondega
            </span>
            <span
              className="property__user-status"
            >
              Pro
            </span>
          </div>
          <div
            className="property__description"
          >
            <p
              className="property__text"
            >
              You're gonna get super-home from his coolness.
            </p>
          </div>
        </div>
      </div>
    </div>
  </section>
</div>
`;
